
> frontend@0.1.0 build
> next build

node.exe : ΓÜá Warning: 
Next.js inferred your 
workspace root, but it 
may not be correct.
At line:1 char:1
+ & "C:\Program 
Files\nodejs/node.exe" 
"C:\Program 
Files\nodejs/node_mo ...
+ ~~~~~~~~~~~~~~~~~~~~~~~~
~~~~~~~~~~~~~~~~~~~~~~~~~~
~~~~~~~~~~~~~~~~~~~
    + CategoryInfo        
      : NotSpecified: (Γ  
  Üá Warning: Ne...not    
 be correct.:String) [    
], RemoteException
    + FullyQualifiedError 
   Id : NativeCommandErr  
  or
 
 We detected multiple 
lockfiles and selected 
the directory of C:\Users\
moham\package-lock.json 
as the root directory.
 To silence this warning, 
set `turbopack.root` in 
your Next.js config, or 
consider removing one of 
the lockfiles if it's not 
needed.
   See https://nextjs.org/
docs/app/api-reference/con
fig/next-config-js/turbopa
ck#root-directory for 
more information.
 Detected additional 
lockfiles: 
   * C:\Users\moham\.gemin
i\antigravity\scratch\baby
-mall\frontend\package-loc
k.json
   * C:\Users\moham\.gemin
i\antigravity\scratch\baby
-mall\package-lock.json

Γû▓ Next.js 16.2.2 (Turbopack)

  Creating an optimized production build ...
Γ£ô Compiled successfully in 3.8s
  Running TypeScript ...
  Finished TypeScript in 3.6s ...
  Collecting page data using 7 workers ...
  Generating static pages using 7 workers (0/18) ...
ReferenceError: location 
is not defined
    at <unknown> (C:\Users
\moham\.gemini\antigravity
\scratch\baby-mall\fronten
d\.next\server\chunks\ssr\
_gemini_antigravity_scratc
h_baby-mall_frontend_11uv2
xd._.js:1:893)
  Generating static pages using 7 workers (4/18) 
  Generating static pages using 7 workers (8/18) 
Γ¿» useSearchParams() 
should be wrapped in a 
suspense boundary at page 
"/products". Read more: ht
tps://nextjs.org/docs/mess
ages/missing-suspense-with
-csr-bailout
    at S (C:\Users\moham\.
gemini\antigravity\scratch
\baby-mall\frontend\.next\
server\chunks\ssr\03uq_nex
t_0iapos4._.js:2:2692)
    at r (C:\Users\moham\.
gemini\antigravity\scratch
\baby-mall\frontend\.next\
server\chunks\ssr\03uq_nex
t_0iapos4._.js:4:6760)
    at C:\Users\moham\.gem
ini\antigravity\scratch\ba
by-mall\frontend\.next\ser
ver\chunks\ssr\_gemini_ant
igravity_scratch_baby-mall
_frontend_0gttk84._.js:2:4
016
    at an (C:\Users\moham\
.gemini\antigravity\scratc
h\baby-mall\frontend\node_
modules\next\dist\compiled
\next-server\app-page-turb
o.runtime.prod.js:2:84267)
    at ai (C:\Users\moham\
.gemini\antigravity\scratc
h\baby-mall\frontend\node_
modules\next\dist\compiled
\next-server\app-page-turb
o.runtime.prod.js:2:86086)
    at al (C:\Users\moham\
.gemini\antigravity\scratc
h\baby-mall\frontend\node_
modules\next\dist\compiled
\next-server\app-page-turb
o.runtime.prod.js:2:107860
)
    at ao (C:\Users\moham\
.gemini\antigravity\scratc
h\baby-mall\frontend\node_
modules\next\dist\compiled
\next-server\app-page-turb
o.runtime.prod.js:2:105275
)
    at aa (C:\Users\moham\
.gemini\antigravity\scratc
h\baby-mall\frontend\node_
modules\next\dist\compiled
\next-server\app-page-turb
o.runtime.prod.js:2:84619)
    at ai (C:\Users\moham\
.gemini\antigravity\scratc
h\baby-mall\frontend\node_
modules\next\dist\compiled
\next-server\app-page-turb
o.runtime.prod.js:2:86135)
    at ai (C:\Users\moham\
.gemini\antigravity\scratc
h\baby-mall\frontend\node_
modules\next\dist\compiled
\next-server\app-page-turb
o.runtime.prod.js:2:104615
)
Error occurred 
prerendering page 
"/products". Read more: ht
tps://nextjs.org/docs/mess
ages/prerender-error
Export encountered an 
error on 
/(store)/products/page: 
/products, exiting the 
build.
Γ¿» Next.js build worker 
exited with code: 1 and 
signal: null
